▲ Next.js 16.3.8 (webpack)
- Local:         http://localhost:3000
- Network:       http://192.168.1.16:3000
- Environments: .env.local
✓ Ready in 238ms
✓ Running next.config.ts took 23ms

 GET /dashboard/listing-generator?id=7e059d7a-bae6-416a-b102-07f665e9d6d4 200 in 3.3s (next.js: 2.6s, proxy.ts: 288ms, application-code: 434ms)
 GET / 200 in 972ms (next.js: 816ms, application-code: 156ms)
 GET /dashboard/listing-generator?id=7e059d7a-bae6-416a-b102-07f665e9d6d4 200 in 213ms (next.js: 5ms, proxy.ts: 122ms, application-code: 86ms)
 GET /dashboard/listing-generator?id=7e059d7a-bae6-416a-b102-07f665e9d6d4 200 in 323ms (next.js: 1.6ms, proxy.ts: 77ms, application-code: 245ms)
 POST /api/listings/generate 403 in 579ms (next.js: 498ms, application-code: 81ms)
 POST /api/listings/generate 201 in 4.6s (next.js: 2ms, application-code: 4.6s)
 GET /dashboard/listing-generator?id=7e059d7a-bae6-416a-b102-07f665e9d6d4 200 in 607ms (next.js: 34ms, proxy.ts: 212ms, application-code: 361ms)
 GET / 200 in 186ms (next.js: 34ms, application-code: 152ms)
 GET /api/media/f129d4c2-838f-4213-8e4f-f07c6d324c8e 200 in 1035ms (next.js: 608ms, application-code: 427ms)
 POST /api/listings/generate 201 in 3.8s (next.js: 3ms, application-code: 3.8s)
 GET /dashboard/photo-studio 200 in 612ms (next.js: 323ms, proxy.ts: 126ms, application-code: 163ms)
 GET /dashboard/listing-generator 200 in 292ms (next.js: 6ms, proxy.ts: 67ms, application-code: 218ms)
 GET / 200 in 102ms (next.js: 2.0ms, application-code: 100ms)
 GET / 200 in 43ms (next.js: 1.1ms, application-code: 42ms)
 GET /dashboard/listing-generator 200 in 287ms (next.js: 1.9ms, proxy.ts: 96ms, application-code: 189ms)
 GET / 200 in 38ms (next.js: 1.3ms, application-code: 37ms)
 GET /login 200 in 992ms (next.js: 903ms, proxy.ts: 61ms, application-code: 28ms)
 POST /api/auth/login 200 in 992ms (next.js: 562ms, application-code: 430ms)
 GET /dashboard 200 in 676ms (next.js: 260ms, proxy.ts: 72ms, application-code: 344ms)
 GET /dashboard 200 in 351ms (next.js: 1.7ms, proxy.ts: 53ms, application-code: 297ms)
 GET /api/media/7b247362-1814-4912-ae45-de6ba3b4038d 200 in 823ms (next.js: 6ms, application-code: 817ms)
 GET /dashboard/listing-generator 200 in 317ms (next.js: 8ms, proxy.ts: 69ms, application-code: 240ms)
 POST /api/uploads 201 in 941ms (next.js: 259ms, application-code: 682ms)
 POST /api/listings/generate 201 in 4.2s (next.js: 4ms, application-code: 4.2s)
 GET / 200 in 206ms (next.js: 66ms, application-code: 140ms)
 GET / 200 in 22ms (next.js: 1.8ms, application-code: 20ms)
 GET /dashboard/listing-generator 200 in 438ms (next.js: 5ms, proxy.ts: 321ms, application-code: 112ms)
 GET /dashboard/listing-generator 200 in 82ms (next.js: 2ms, proxy.ts: 57ms, application-code: 23ms)
 GET / 200 in 155ms (next.js: 103ms, application-code: 52ms)
 GET / 200 in 19ms (next.js: 2.0ms, application-code: 17ms)
 GET /dashboard/listing-generator 200 in 342ms (next.js: 5ms, proxy.ts: 246ms, application-code: 91ms)
 GET /dashboard/listing-generator 200 in 82ms (next.js: 1.7ms, proxy.ts: 58ms, application-code: 22ms)
 GET / 200 in 40ms (next.js: 1.7ms, application-code: 39ms)
 GET / 200 in 21ms (next.js: 1.3ms, application-code: 20ms)
 GET /dashboard/listing-generator 200 in 203ms (next.js: 1.8ms, proxy.ts: 172ms, application-code: 29ms)
 GET /dashboard/listing-generator 200 in 84ms (next.js: 2ms, proxy.ts: 57ms, application-code: 24ms)
 GET / 200 in 49ms (next.js: 3ms, application-code: 46ms)
 GET / 200 in 23ms (next.js: 3ms, application-code: 20ms)
 GET /dashboard/listing-generator 200 in 176ms (next.js: 2ms, proxy.ts: 145ms, application-code: 28ms)
 GET /dashboard/listing-generator 200 in 78ms (next.js: 1.8ms, proxy.ts: 52ms, application-code: 24ms)
 GET /login?next=%2Fdashboard%2Flisting-generator 200 in 125ms (next.js: 6ms, proxy.ts: 7ms, application-code: 112ms)
 GET / 200 in 43ms (next.js: 1.1ms, application-code: 42ms)
 GET /dashboard/listing-generator 200 in 632ms (next.js: 1.6ms, proxy.ts: 159ms, application-code: 472ms)
 GET /dashboard/listing-generator 200 in 241ms (next.js: 1.6ms, proxy.ts: 58ms, application-code: 182ms)
 GET /login?next=%2Fdashboard%2Flisting-generator 200 in 63ms (next.js: 19ms, proxy.ts: 30ms, application-code: 14ms)
 GET / 200 in 39ms (next.js: 5ms, application-code: 33ms)
 GET /dashboard/listing-generator 200 in 163ms (next.js: 1.7ms, proxy.ts: 141ms, application-code: 21ms)
 GET /dashboard/listing-generator 200 in 526ms (next.js: 1.7ms, proxy.ts: 217ms, application-code: 307ms)
 GET / 200 in 65ms (next.js: 1.0ms, application-code: 64ms)
 GET /login?next=%2Fdashboard%2Flisting-generator 200 in 73ms (next.js: 3ms, proxy.ts: 32ms, application-code: 37ms)
 POST /api/uploads 201 in 1396ms (next.js: 337ms, application-code: 1059ms)
 GET / 200 in 165ms (next.js: 34ms, application-code: 131ms)
 GET /login?next=%2Fdashboard%2Flisting-generator 200 in 166ms (next.js: 4ms, proxy.ts: 148ms, application-code: 14ms)
 GET /dashboard/listing-generator 200 in 324ms (next.js: 5ms, proxy.ts: 293ms, application-code: 26ms)
 POST /api/listings/generate 201 in 4.1s (next.js: 255ms, application-code: 3.9s)
 GET /dashboard 200 in 653ms (next.js: 4ms, proxy.ts: 115ms, application-code: 534ms)
 GET /api/media/105d4adb-ef5f-44d0-a78a-d09dd6e08ea6 200 in 762ms (next.js: 392ms, application-code: 370ms)
 GET /api/media/f129d4c2-838f-4213-8e4f-f07c6d324c8e 200 in 834ms (next.js: 385ms, application-code: 449ms)
 GET /api/media/a96cd6a7-bb91-405b-8668-c909111238d7 200 in 846ms (next.js: 387ms, application-code: 459ms)
 GET /dashboard/listing-generator 200 in 350ms (next.js: 36ms, proxy.ts: 73ms, application-code: 242ms)
 POST /api/uploads 201 in 1399ms (next.js: 3ms, application-code: 1396ms)
 POST /api/listings/generate 201 in 3.1s (next.js: 4ms, application-code: 3.1s)
 GET /dashboard/listing-generator 200 in 705ms (next.js: 1.6ms, proxy.ts: 253ms, application-code: 450ms)
 GET /dashboard 200 in 395ms (next.js: 3ms, proxy.ts: 65ms, application-code: 326ms)
 GET /api/media/2ec0dd89-eeb5-421e-abed-a57c4cb4c75e 200 in 477ms (next.js: 5ms, application-code: 472ms)
 GET /dashboard/history 200 in 863ms (next.js: 735ms, proxy.ts: 74ms, application-code: 55ms)
 GET /api/listings?offset=0 200 in 471ms (next.js: 240ms, application-code: 232ms)
 GET /api/listings?offset=0 200 in 492ms (next.js: 246ms, application-code: 247ms)
 DELETE /api/listings/6e779d03-ef51-4ce4-b646-638f012a26a8 200 in 1061ms (next.js: 607ms, application-code: 454ms)
 DELETE /api/listings/4bd8e460-8ff7-41b0-9b84-b3051e337162 200 in 374ms (next.js: 4ms, application-code: 370ms)
 DELETE /api/listings/a49f8645-be6b-46ff-a10e-ed28fd3ce876 200 in 672ms (next.js: 5ms, application-code: 667ms)
 DELETE /api/listings/134acfbb-bc75-498f-b55b-5d779733b732 200 in 462ms (next.js: 5ms, application-code: 457ms)
 DELETE /api/listings/1a1565cc-69c9-4548-8e5c-bda6a02ee5c8 200 in 409ms (next.js: 5ms, application-code: 404ms)
 DELETE /api/listings/7e059d7a-bae6-416a-b102-07f665e9d6d4 200 in 529ms (next.js: 4ms, application-code: 525ms)
 GET /api/images?offset=0 200 in 474ms (next.js: 262ms, application-code: 213ms)
 GET /api/media/82a13293-2bc7-43d1-b757-a4178da2bb5a 200 in 540ms (next.js: 0.8ms, application-code: 539ms)
 GET /api/media/7b247362-1814-4912-ae45-de6ba3b4038d 200 in 551ms (next.js: 6ms, application-code: 545ms)
 GET /api/media/a4df4b30-d15c-4346-81da-8e0eb85d088f 200 in 674ms (next.js: 0.7ms, application-code: 673ms)
 GET /dashboard/history 200 in 955ms (next.js: 40ms, proxy.ts: 314ms, application-code: 601ms)
 GET / 200 in 99ms (next.js: 2.0ms, application-code: 97ms)
 GET /login?next=%2Fdashboard%2Flisting-generator 200 in 104ms (next.js: 4ms, proxy.ts: 49ms, application-code: 51ms)
 GET /api/listings?offset=0 200 in 263ms (next.js: 3ms, application-code: 260ms)
 GET /api/listings?offset=0 200 in 262ms (next.js: 1.1ms, application-code: 261ms)
 GET / 200 in 21ms (next.js: 2ms, application-code: 19ms)
 GET / 200 in 31ms (next.js: 1.0ms, application-code: 30ms)
 GET / 200 in 29ms (next.js: 1.4ms, application-code: 27ms)
 GET / 200 in 5ms (next.js: 1.3ms, application-code: 4ms)
 GET / 200 in 16ms (next.js: 1.1ms, application-code: 15ms)
 GET / 200 in 30ms (next.js: 1.0ms, application-code: 29ms)
 GET / 200 in 169ms (next.js: 104ms, application-code: 65ms)
 GET / 200 in 68ms (next.js: 28ms, application-code: 39ms)
 GET / 200 in 25ms (next.js: 3ms, application-code: 22ms)
 GET / 200 in 90ms (next.js: 1.3ms, application-code: 88ms)
 GET / 200 in 58ms (next.js: 1.1ms, application-code: 57ms)
 GET / 200 in 31ms (next.js: 1.2ms, application-code: 30ms)
